Microchip MPLAB XC8 Compiler V2.46

Linker command line:

-W-3 \
  --edf=C:\Program Files\Microchip\xc8\v2.46\pic\dat\20240104201356_en.msgs \
  -cn -h+dist/default/production\23034_004_CBB_Project.X.production.sym \
  --cmf=dist/default/production\23034_004_CBB_Project.X.production.cmf -z \
  -Q18F4580 -oC:\Users\sarbas\AppData\Local\Temp\xcAsds0.\driver_tmp_3.o \
  --defsym=__MPLAB_BUILD=1 --fixupoverflow=error \
  -Mdist/default/production/23034_004_CBB_Project.X.production.map \
  --md=C:\Users\sarbas\AppData\Local\Temp\xcAsds0.\driver_tmp_0.dat -E1 \
  -ver=XC8 Compiler --acfsm=1493 -ACODE=00h-03000h -ACONST=00h-03000h \
  -ASMALLCONST=0600h-06FFhx42,03000h-03000h -AMEDIUMCONST=0600h-03000h \
  -ACOMRAM=01h-05Fh -AABS1=00h-05FFh -ABIGRAM=01h-05FFh \
  -ARAM=060h-0FFh,0100h-01FFhx5 -ABANK0=060h-0FFh -ABANK1=0100h-01FFh \
  -ABANK2=0200h-02FFh -ABANK3=0300h-03FFh -ABANK4=0400h-04FFh \
  -ABANK5=0500h-05FFh -ASFR=0D00h-0DFFhx2,0F00h-0F5Fh,0F60h-0FFFh \
  -ABIGSFR=0D00h-0FFFh -ACONFIG=0300000h-030000Dh -AIDLOC=0200000h-0200007h \
  -AEEDATA=0F00000h-0F000FFh -peeprom_data=EEDATA \
  -preset_vec=00h,intcode=8h,intcodelo,powerup,init -pramtop=0600h \
  -psmallconst=SMALLCONST -pmediumconst=MEDIUMCONST -pconst=CONST \
  -AFARRAM=00h-00h \
  -prdata=COMRAM,nvrram=COMRAM,nvbit=COMRAM,rbss=COMRAM,rbit=COMRAM \
  -pfarbss=FARRAM,fardata=FARRAM,nvFARRAM=FARRAM \
  -pintsave_regs=BIGRAM,bigbss=BIGRAM,bigdata=BIGRAM -pbss=RAM \
  -pidata=CODE,irdata=CODE,ibigdata=CODE,ifardata=CODE -prparam=COMRAM \
  C:\Users\sarbas\AppData\Local\Temp\xcAsds0.\driver_tmp_14.o \
  dist/default/production\23034_004_CBB_Project.X.production.o 

Object code version is 3.11

Machine type is 18F4580



                Name                               Link     Load   Length Selector   Space Scale
C:\Users\sarbas\AppData\Local\Temp\xcAsds0.\driver_tmp_14.o
                idloc                            200000   200000        8        0       5
                config                           300000   300000        E        0       4
                init                                  E        E        4        4       0
                reset_vec                             0        0        4        0       0
dist/default/production\23034_004_CBB_Project.X.production.o
                intcode                               8        8        6        4       0
                idloc                            200000   200000        8        0       5
                config                           300000   300000        E        0       4
                temp                                 5A       5A        1        1       1
                mediumconst                        2D58     2D58      2A8     16AC       0
                text60                             24A4     24A4       64        4       0
                intcode_body                       1B12     1B12       DE        4       0
                text58                             22E4     22E4       74        4       0
                text57                             27DC     27DC       3A        4       0
                text56                             2438     2438       6C        4       0
                text55                             2566     2566       52        4       0
                text54                             284A     284A       34        4       0
                text53                             2606     2606       4E        4       0
                text52                             25B8     25B8       4E        4       0
                text51                             29E0     29E0       12        4       0
                text50                             2A30     2A30        8        4       0
                text49                             2A28     2A28        8        4       0
                text48                             2A0C     2A0C        C        4       0
                text47                             2762     2762       40        4       0
                text46                              40A      40A      2D6        4       0
                text45                             23CA     23CA       6E        4       0
                text44                             2A38     2A38        6        4       0
                text43                             2A20     2A20        8        4       0
                text42                             2A00     2A00        C        4       0
                text41                             2A18     2A18        8        4       0
                text40                             28A8     28A8       2A        4       0
                text39                             225E     225E       86        4       0
                text38                             2A3E     2A3E        2        4       0
                text37                             2076     2076       AA        4       0
                text36                             1E58     1E58       C0        4       0
                text35                             1D94     1D94       C4        4       0
                text34                             1F18     1F18       B0        4       0
                text33                             2816     2816       34        4       0
                text32                             2722     2722       40        4       0
                text31                             21C8     21C8       96        4       0
                text30                             179E     179E      14E        4       0
                text29                             28D2     28D2       26        4       0
                text28                             1FC8     1FC8       AE        4       0
                text27                             14F0     14F0      15E        4       0
                text26                              976      976      286        4       0
                text25                             26E0     26E0       42        4       0
                text24                             27A2     27A2       3A        4       0
                text23                             18EC     18EC      11E        4       0
                text22                             1BF0     1BF0       D6        4       0
                text21                             164E     164E      150        4       0
                text20                             287E     287E       2A        4       0
                text19                             2978     2978       18        4       0
                text18                             2508     2508       5E        4       0
                text17                              BFC      BFC      25E        4       0
                text16                             293A     293A       20        4       0
                text15                             2120     2120       A8        4       0
                text14                             295A     295A       1E        4       0
                text13                             269A     269A       46        4       0
                text12                             29A6     29A6       16        4       0
                text11                             29CE     29CE       12        4       0
                text10                             2990     2990       16        4       0
                text9                              291A     291A       20        4       0
                text8                              28F8     28F8       22        4       0
                text7                              10AE     10AE      24E        4       0
                text6                               E5A      E5A      254        4       0
                text5                              2654     2654       46        4       0
                text4                              1A0A     1A0A      108        4       0
                text3                              1CC6     1CC6       CE        4       0
                text2                                12       12      3F8        4       0
                text1                              12FC     12FC      1F4        4       0
                text0                               6E0      6E0      296        4       0
                cstackCOMRAM                          1        1       50        1       1
                cstackBANK0                          AF       AF       42       60       1
                dataBANK1                           120      120       12      100       1
                bssBANK1                            100      100       20      100       1
                dataBANK0                            F1       F1        E       60       1
                bssBANK0                             60       60       4F       60       1
                bssCOMRAM                            51       51        9        1       1
                cinit                              2358     2358       72        4       0
                idataBANK1                         29BC     29BC       12        4       0
                idataBANK0                         29F2     29F2        E        4       0

TOTAL           Name                               Link     Load   Length     Space
        CLASS   CODE           
                intcode                               8        8        6         0
                init                                  E        E        4         0
                reset_vec                             0        0        4         0
                text60                             24A4     24A4       64         0
                intcode_body                       1B12     1B12       DE         0
                text58                             22E4     22E4       74         0
                text57                             27DC     27DC       3A         0
                text56                             2438     2438       6C         0
                text55                             2566     2566       52         0
                text54                             284A     284A       34         0
                text53                             2606     2606       4E         0
                text52                             25B8     25B8       4E         0
                text51                             29E0     29E0       12         0
                text50                             2A30     2A30        8         0
                text49                             2A28     2A28        8         0
                text48                             2A0C     2A0C        C         0
                text47                             2762     2762       40         0
                text46                              40A      40A      2D6         0
                text45                             23CA     23CA       6E         0
                text44                             2A38     2A38        6         0
                text43                             2A20     2A20        8         0
                text42                             2A00     2A00        C         0
                text41                             2A18     2A18        8         0
                text40                             28A8     28A8       2A         0
                text39                             225E     225E       86         0
                text38                             2A3E     2A3E        2         0
                text37                             2076     2076       AA         0
                text36                             1E58     1E58       C0         0
                text35                             1D94     1D94       C4         0
                text34                             1F18     1F18       B0         0
                text33                             2816     2816       34         0
                text32                             2722     2722       40         0
                text31                             21C8     21C8       96         0
                text30                             179E     179E      14E         0
                text29                             28D2     28D2       26         0
                text28                             1FC8     1FC8       AE         0
                text27                             14F0     14F0      15E         0
                text26                              976      976      286         0
                text25                             26E0     26E0       42         0
                text24                             27A2     27A2       3A         0
                text23                             18EC     18EC      11E         0
                text22                             1BF0     1BF0       D6         0
                text21                             164E     164E      150         0
                text20                             287E     287E       2A         0
                text19                             2978     2978       18         0
                text18                             2508     2508       5E         0
                text17                              BFC      BFC      25E         0
                text16                             293A     293A       20         0
                text15                             2120     2120       A8         0
                text14                             295A     295A       1E         0
                text13                             269A     269A       46         0
                text12                             29A6     29A6       16         0
                text11                             29CE     29CE       12         0
                text10                             2990     2990       16         0
                text9                              291A     291A       20         0
                text8                              28F8     28F8       22         0
                text7                              10AE     10AE      24E         0
                text6                               E5A      E5A      254         0
                text5                              2654     2654       46         0
                text4                              1A0A     1A0A      108         0
                text3                              1CC6     1CC6       CE         0
                text2                                12       12      3F8         0
                text1                              12FC     12FC      1F4         0
                text0                               6E0      6E0      296         0
                cinit                              2358     2358       72         0
                idataBANK1                         29BC     29BC       12         0
                idataBANK0                         29F2     29F2        E         0

        CLASS   CONST          

        CLASS   SMALLCONST     

        CLASS   MEDIUMCONST    
                mediumconst                        2D58     2D58      2A8         0

        CLASS   COMRAM         
                temp                                 5A       5A        1         1
                cstackCOMRAM                          1        1       50         1
                bssCOMRAM                            51       51        9         1

        CLASS   ABS1           

        CLASS   BIGRAM         

        CLASS   RAM            

        CLASS   BANK0          
                cstackBANK0                          AF       AF       42         1
                dataBANK0                            F1       F1        E         1
                bssBANK0                             60       60       4F         1

        CLASS   BANK1          
                dataBANK1                           120      120       12         1
                bssBANK1                            100      100       20         1

        CLASS   BANK2          

        CLASS   BANK3          

        CLASS   BANK4          

        CLASS   BANK5          

        CLASS   SFR            

        CLASS   BIGSFR         

        CLASS   CONFIG         
                config                           300000   300000        E         4

        CLASS   IDLOC          
                idloc                            200000   200000        8         5

        CLASS   EEDATA         

        CLASS   FARRAM         

        CLASS   HEAP           

        CLASS   STACK          



SEGMENTS        Name                           Load    Length   Top    Selector   Space  Class

                reset_vec                      000000  000004  000004         0       0  CODE    
                cstackCOMRAM                   000001  00005A  00005B         1       1  COMRAM  
                intcode                        000008  002A38  002A40         4       0  CODE    
                bssBANK0                       000060  00009F  0000FF        60       1  BANK0   
                bssBANK1                       000100  000032  000132       100       1  BANK1   
                mediumconst                    002D58  0002A8  003000      16AC       0  MEDIUMCO


UNUSED ADDRESS RANGES

        Name                Unused          Largest block    Delta
        BANK0            0000FF-0000FF                1
        BANK1            000132-0001FF               CE
        BANK2            000200-0002FF              100
        BANK3            000300-0003FF              100
        BANK4            000400-0004FF              100
        BANK5            000500-0005FF              100
        BIGRAM           00005B-00005F                5
                         0000FF-0000FF                1
                         000132-0005FF              4CE
        BIGSFR           000D00-000FFF              300
        CODE             000004-000007                4
                         002A40-002D57              318
                         003000-003000                1
        COMRAM           00005B-00005F                5
        CONST            000004-000007                4
                         002A40-002D57              318
                         003000-003000                1
        EEDATA           F00000-F000FF              100
        MEDIUMCONST      002A40-002D57              318
                         003000-003000                1
        RAM              0000FF-0000FF                1
                         000132-0005FF              100
        SFR              000D00-000FFF              100
        SMALLCONST       002A40-002D57              100
                         003000-003000                1

                                  Symbol Table

?___awdiv                      cstackCOMRAM 000006
?___awmod                      cstackCOMRAM 000006
?___lwdiv                      cstackCOMRAM 000006
?___lwmod                      cstackCOMRAM 000001
?___wmul                       cstackCOMRAM 000006
?_abs                          cstackCOMRAM 00000C
?_read_adc                     cstackCOMRAM 000006
?_read_prec_or_width           cstackCOMRAM 00000C
?_sprintf                      cstackBANK0  0000AF
?_vfprintf                     cstackCOMRAM 000034
_ACKDT                         (abs)        007E2D
_ACKEN                         (abs)        007E2C
_ACKSTAT                       (abs)        007E2E
_ACQT0                         (abs)        007E03
_ACQT1                         (abs)        007E04
_ACQT2                         (abs)        007E05
_ADCON0                        (abs)        000FC2
_ADCON1                        (abs)        000FC1
_ADCS0                         (abs)        007E00
_ADCS1                         (abs)        007E01
_ADCS2                         (abs)        007E02
_ADFM                          (abs)        007E07
_ADON                          (abs)        007E10
_ADRESH                        (abs)        000FC4
_ADRESL                        (abs)        000FC3
_BCLIF                         (abs)        007D0B
_BRG16                         (abs)        007DC3
_BRGH                          (abs)        007D62
_CKE                           (abs)        007E3E
_CREN                          (abs)        007D5C
_GIE                           (abs)        007F97
_GO                            (abs)        007E11
_GODONE                        (abs)        007E11
_PEIE                          (abs)        007F96
_PEN                           (abs)        007E2A
_PORTB                         (abs)        000F81
_PORTBbits                     (abs)        000F81
_PORTD                         (abs)        000F83
_PSA                           (abs)        007EAB
_RBPU                          (abs)        007F8F
_RC0                           (abs)        007C10
_RC1                           (abs)        007C11
_RC2                           (abs)        007C12
_RCEN                          (abs)        007E2B
_RCIF                          (abs)        007CF5
_RCREG                         (abs)        000FAE
_RD7                           (abs)        007C1F
_RSEN                          (abs)        007E29
_RX9                           (abs)        007D5E
_SEN                           (abs)        007E28
_SENDB                         (abs)        007D63
_SMP                           (abs)        007E3F
_SPBRG                         (abs)        000FAF
_SPEN                          (abs)        007D5F
_SSPADD                        (abs)        000FC8
_SSPBUF                        (abs)        000FC9
_SSPCON1                       (abs)        000FC6
_SSPIF                         (abs)        007CF3
_SYNC                          (abs)        007D64
_T08BIT                        (abs)        007EAE
_T0CS                          (abs)        007EAD
_TMR0                          (abs)        000FD6
_TMR0IE                        (abs)        007F95
_TMR0IF                        (abs)        007F92
_TMR0ON                        (abs)        007EAF
_TRISB                         (abs)        000F93
_TRISC                         (abs)        000F94
_TRISC3                        (abs)        007CA3
_TRISC4                        (abs)        007CA4
_TRISC6                        (abs)        007CA6
_TRISC7                        (abs)        007CA7
_TRISD                         (abs)        000F95
_TRISD7                        (abs)        007CAF
_TX9                           (abs)        007D66
_TXEN                          (abs)        007D65
_TXIF                          (abs)        007CF4
_TXREG                         (abs)        000FAD
_VCFG0                         (abs)        007E0C
_VCFG1                         (abs)        007E0D
__HRAM                         (abs)        000000
__H__absolute__                __absolute__ 000000
__Habs1                        abs1         000000
__Hbank0                       bank0        000000
__Hbank1                       bank1        000000
__Hbank2                       bank2        000000
__Hbank3                       bank3        000000
__Hbank4                       bank4        000000
__Hbank5                       bank5        000000
__Hbigbss                      bigbss       000000
__Hbigdata                     bigdata      000000
__Hbigram                      bigram       000000
__Hbigsfr                      bigsfr       000000
__Hbss                         bss          000000
__HbssBANK0                    bssBANK0     000000
__HbssBANK1                    bssBANK1     000000
__HbssCOMRAM                   bssCOMRAM    000000
__Hcinit                       cinit        000000
__Hclrtext                     clrtext      000000
__Hcomram                      comram       000000
__Hconfig                      config       30000E
__Hconst                       const        000000
__HcstackBANK0                 cstackBANK0  000000
__HcstackCOMRAM                cstackCOMRAM 000000
__Hdata                        data         000000
__HdataBANK0                   dataBANK0    000000
__HdataBANK1                   dataBANK1    000000
__Heeprom_data                 eeprom_data  000000
__Hfarbss                      farbss       000000
__Hfardata                     fardata      000000
__Hheap                        heap         000000
__Hibigdata                    ibigdata     000000
__Hidata                       idata        000000
__HidataBANK0                  idataBANK0   000000
__HidataBANK1                  idataBANK1   000000
__Hidloc                       idloc        200008
__Hifardata                    ifardata     000000
__Hinit                        init         000012
__Hintcode                     intcode      00000E
__Hintcode_body                intcode_body 000000
__Hintcodelo                   intcodelo    00000E
__Hintentry                    intentry     000000
__Hintret                      intret       000000
__Hintsave_regs                intsave_regs 000000
__Hirdata                      irdata       000000
__Hmediumconst                 mediumconst  003000
__HnvFARRAM                    nvFARRAM     000000
__Hnvbit                       nvbit        000000
__Hnvrram                      nvrram       000000
__Hparam                       rparam       000000
__Hpowerup                     powerup      00000E
__Hram                         ram          000000
__Hramtop                      ramtop       000600
__Hrbit                        rbit         000000
__Hrbss                        rbss         000000
__Hrdata                       rdata        000000
__Hreset_vec                   reset_vec    000004
__Hrparam                      rparam       000000
__Hsfr                         sfr          000000
__Hsivt_hi                     sivt_hi      000000
__Hsivt_lo                     sivt_lo      000000
__Hsmallconst                  smallconst   000000
__Hspace_0                     (abs)        003000
__Hspace_1                     (abs)        000132
__Hspace_2                     (abs)        000000
__Hspace_4                     (abs)        60000E
__Hstack                       stack        000000
__Hstruct                      struct       000000
__Htemp                        temp         00005B
__Htext                        text         000000
__Htext0                       text0        000000
__Htext1                       text1        000000
__Htext10                      text10       000000
__Htext11                      text11       000000
__Htext12                      text12       000000
__Htext13                      text13       000000
__Htext14                      text14       000000
__Htext15                      text15       000000
__Htext16                      text16       000000
__Htext17                      text17       000000
__Htext18                      text18       000000
__Htext19                      text19       000000
__Htext2                       text2        000000
__Htext20                      text20       000000
__Htext21                      text21       000000
__Htext22                      text22       000000
__Htext23                      text23       000000
__Htext24                      text24       000000
__Htext25                      text25       000000
__Htext26                      text26       000000
__Htext27                      text27       000000
__Htext28                      text28       000000
__Htext29                      text29       000000
__Htext3                       text3        000000
__Htext30                      text30       000000
__Htext31                      text31       000000
__Htext32                      text32       000000
__Htext33                      text33       000000
__Htext34                      text34       000000
__Htext35                      text35       000000
__Htext36                      text36       000000
__Htext37                      text37       000000
__Htext38                      text38       000000
__Htext39                      text39       000000
__Htext4                       text4        000000
__Htext40                      text40       000000
__Htext41                      text41       000000
__Htext42                      text42       000000
__Htext43                      text43       000000
__Htext44                      text44       000000
__Htext45                      text45       000000
__Htext46                      text46       000000
__Htext47                      text47       000000
__Htext48                      text48       000000
__Htext49                      text49       000000
__Htext5                       text5        000000
__Htext50                      text50       000000
__Htext51                      text51       000000
__Htext52                      text52       000000
__Htext53                      text53       000000
__Htext54                      text54       000000
__Htext55                      text55       000000
__Htext56                      text56       000000
__Htext57                      text57       000000
__Htext58                      text58       000000
__Htext6                       text6        000000
__Htext60                      text60       000000
__Htext7                       text7        000000
__Htext8                       text8        000000
__Htext9                       text9        000000
__LRAM                         (abs)        000001
__L__absolute__                __absolute__ 000000
__Labs1                        abs1         000000
__Lbank0                       bank0        000000
__Lbank1                       bank1        000000
__Lbank2                       bank2        000000
__Lbank3                       bank3        000000
__Lbank4                       bank4        000000
__Lbank5                       bank5        000000
__Lbigbss                      bigbss       000000
__Lbigdata                     bigdata      000000
__Lbigram                      bigram       000000
__Lbigsfr                      bigsfr       000000
__Lbss                         bss          000000
__LbssBANK0                    bssBANK0     000000
__LbssBANK1                    bssBANK1     000000
__LbssCOMRAM                   bssCOMRAM    000000
__Lcinit                       cinit        000000
__Lclrtext                     clrtext      000000
__Lcomram                      comram       000000
__Lconfig                      config       000000
__Lconst                       const        000000
__LcstackBANK0                 cstackBANK0  000000
__LcstackCOMRAM                cstackCOMRAM 000000
__Ldata                        data         000000
__LdataBANK0                   dataBANK0    000000
__LdataBANK1                   dataBANK1    000000
__Leeprom_data                 eeprom_data  000000
__Lfarbss                      farbss       000000
__Lfardata                     fardata      000000
__Lheap                        heap         000000
__Libigdata                    ibigdata     000000
__Lidata                       idata        000000
__LidataBANK0                  idataBANK0   000000
__LidataBANK1                  idataBANK1   000000
__Lidloc                       idloc        000000
__Lifardata                    ifardata     000000
__Linit                        init         00000E
__Lintcode                     intcode      000008
__Lintcode_body                intcode_body 000000
__Lintcodelo                   intcodelo    00000E
__Lintentry                    intentry     000000
__Lintret                      intret       000000
__Lintsave_regs                intsave_regs 000000
__Lirdata                      irdata       000000
__Lmediumconst                 mediumconst  002D58
__LnvFARRAM                    nvFARRAM     000000
__Lnvbit                       nvbit        000000
__Lnvrram                      nvrram       000000
__Lparam                       rparam       000000
__Lpowerup                     powerup      00000E
__Lram                         ram          000000
__Lramtop                      ramtop       000600
__Lrbit                        rbit         000000
__Lrbss                        rbss         000000
__Lrdata                       rdata        000000
__Lreset_vec                   reset_vec    000000
__Lrparam                      rparam       000000
__Lsfr                         sfr          000000
__Lsivt_hi                     sivt_hi      000000
__Lsivt_lo                     sivt_lo      000000
__Lsmallconst                  smallconst   000000
__Lspace_0                     (abs)        000000
__Lspace_1                     (abs)        000000
__Lspace_2                     (abs)        000000
__Lspace_4                     (abs)        000000
__Lstack                       stack        000000
__Lstruct                      struct       000000
__Ltemp                        temp         00005A
__Ltext                        text         000000
__Ltext0                       text0        000000
__Ltext1                       text1        000000
__Ltext10                      text10       000000
__Ltext11                      text11       000000
__Ltext12                      text12       000000
__Ltext13                      text13       000000
__Ltext14                      text14       000000
__Ltext15                      text15       000000
__Ltext16                      text16       000000
__Ltext17                      text17       000000
__Ltext18                      text18       000000
__Ltext19                      text19       000000
__Ltext2                       text2        000000
__Ltext20                      text20       000000
__Ltext21                      text21       000000
__Ltext22                      text22       000000
__Ltext23                      text23       000000
__Ltext24                      text24       000000
__Ltext25                      text25       000000
__Ltext26                      text26       000000
__Ltext27                      text27       000000
__Ltext28                      text28       000000
__Ltext29                      text29       000000
__Ltext3                       text3        000000
__Ltext30                      text30       000000
__Ltext31                      text31       000000
__Ltext32                      text32       000000
__Ltext33                      text33       000000
__Ltext34                      text34       000000
__Ltext35                      text35       000000
__Ltext36                      text36       000000
__Ltext37                      text37       000000
__Ltext38                      text38       000000
__Ltext39                      text39       000000
__Ltext4                       text4        000000
__Ltext40                      text40       000000
__Ltext41                      text41       000000
__Ltext42                      text42       000000
__Ltext43                      text43       000000
__Ltext44                      text44       000000
__Ltext45                      text45       000000
__Ltext46                      text46       000000
__Ltext47                      text47       000000
__Ltext48                      text48       000000
__Ltext49                      text49       000000
__Ltext5                       text5        000000
__Ltext50                      text50       000000
__Ltext51                      text51       000000
__Ltext52                      text52       000000
__Ltext53                      text53       000000
__Ltext54                      text54       000000
__Ltext55                      text55       000000
__Ltext56                      text56       000000
__Ltext57                      text57       000000
__Ltext58                      text58       000000
__Ltext6                       text6        000000
__Ltext60                      text60       000000
__Ltext7                       text7        000000
__Ltext8                       text8        000000
__Ltext9                       text9        000000
__S0                           (abs)        003000
__S1                           (abs)        000132
__S4                           (abs)        000000
__S5                           (abs)        000000
___awdiv                       text35       001D94
___awdiv@counter               cstackCOMRAM 00000A
___awdiv@dividend              cstackCOMRAM 000006
___awdiv@divisor               cstackCOMRAM 000008
___awdiv@quotient              cstackCOMRAM 00000C
___awdiv@sign                  cstackCOMRAM 00000B
___awmod                       text34       001F18
___awmod@counter               cstackCOMRAM 00000A
___awmod@dividend              cstackCOMRAM 000006
___awmod@divisor               cstackCOMRAM 000008
___awmod@sign                  cstackCOMRAM 00000B
___heap_hi                     (abs)        000000
___heap_lo                     (abs)        000000
___inthi_sp                    stack        000000
___inthi_stack_hi              stack        000000
___inthi_stack_lo              stack        000000
___intlo_sp                    stack        000000
___intlo_stack_hi              stack        000000
___intlo_stack_lo              stack        000000
___lwdiv                       text58       0022E4
___lwdiv@counter               cstackCOMRAM 00000C
___lwdiv@dividend              cstackCOMRAM 000006
___lwdiv@divisor               cstackCOMRAM 000008
___lwdiv@quotient              cstackCOMRAM 00000A
___lwmod                       text60       0024A4
___lwmod@counter               cstackCOMRAM 000005
___lwmod@dividend              cstackCOMRAM 000001
___lwmod@divisor               cstackCOMRAM 000003
___param_bank                  (abs)        000000
___rparam_used                 (abs)        000001
___sp                          stack        000000
___stack_hi                    stack        000000
___stack_lo                    stack        000000
___wmul                        text29       0028D2
___wmul@multiplicand           cstackCOMRAM 000008
___wmul@multiplier             cstackCOMRAM 000006
___wmul@product                cstackCOMRAM 00000A
__accesstop                    (abs)        000060
__activetblptr                 (abs)        000002
__end_of___awdiv               text35       001E58
__end_of___awmod               text34       001FC8
__end_of___lwdiv               text58       002358
__end_of___lwmod               text60       002508
__end_of___wmul                text29       0028F8
__end_of__initialization       cinit        0023BC
__end_of_abs                   text33       00284A
__end_of_addtoarray            text55       0025B8
__end_of_addtoarray2           text54       00287E
__end_of_change_pass           text46       0006E0
__end_of_check_newpassword     text53       002654
__end_of_check_password        text52       002606
__end_of_clcd_print            text56       0024A4
__end_of_clcd_write            text57       002816
__end_of_clear_log             text45       002438
__end_of_ctoa                  text36       001F18
__end_of_dashboard             text21       00179E
__end_of_download_log          text17       000E5A
__end_of_dtoa                  text30       0018EC
__end_of_fputc                 text37       002120
__end_of_fputs                 text32       002762
__end_of_get_time              text39       0022E4
__end_of_i2c_idle              text51       0029F2
__end_of_i2c_no_ack            text44       002A3E
__end_of_i2c_read              text42       002A0C
__end_of_i2c_rep_start         text41       002A20
__end_of_i2c_rx_mode           text43       002A28
__end_of_i2c_start             text50       002A38
__end_of_i2c_stop              text49       002A30
__end_of_i2c_write             text48       002A18
__end_of_init_adc              text16       00295A
__end_of_init_clcd             text15       0021C8
__end_of_init_ds1307           text13       0026E0
__end_of_init_i2c              text12       0029BC
__end_of_init_matrix_keypad    text11       0029E0
__end_of_init_timer0           text10       0029A6
__end_of_init_uart             text9        00293A
__end_of_inti_config           text8        00291A
__end_of_isr                   intcode_body 001BF0
__end_of_main                  text0        000976
__end_of_menu                  text7        0012FC
__end_of_pad                   text31       00225E
__end_of_password              text6        0010AE
__end_of_putch                 text38       002A40
__end_of_read_adc              text5        00269A
__end_of_read_ds1307           text40       0028D2
__end_of_read_external_eeprom  text20       0028A8
__end_of_read_prec_or_width    text28       002076
__end_of_read_switches         text3        001D94
__end_of_scan_key              text4        001B12
__end_of_settime               text2        00040A
__end_of_sprintf               text24       0027DC
__end_of_stoa                  text27       00164E
__end_of_store_event           text22       001CC6
__end_of_uart_putch            text19       002990
__end_of_uart_puts             text18       002566
__end_of_vfpfcnvrt             text26       000BFC
__end_of_vfprintf              text25       002722
__end_of_view_log              text1        0014F0
__end_of_write_10_bytes        text23       001A0A
__end_of_write_ds1307          text14       002978
__end_of_write_external_eeprom text47       0027A2
__initialization               cinit        002358
__mediumconst                  mediumconst  002D58
__pbssBANK0                    bssBANK0     000060
__pbssBANK1                    bssBANK1     000100
__pbssCOMRAM                   bssCOMRAM    000051
__pcinit                       cinit        002358
__pcstackBANK0                 cstackBANK0  0000AF
__pcstackCOMRAM                cstackCOMRAM 000001
__pdataBANK0                   dataBANK0    0000F1
__pdataBANK1                   dataBANK1    000120
__pidataBANK0                  idataBANK0   0029F2
__pidataBANK1                  idataBANK1   0029BC
__pintcode                     intcode      000008
__pintcode_body                intcode_body 001B12
__pmediumconst                 mediumconst  002D58
__ptext0                       text0        0006E0
__ptext1                       text1        0012FC
__ptext10                      text10       002990
__ptext11                      text11       0029CE
__ptext12                      text12       0029A6
__ptext13                      text13       00269A
__ptext14                      text14       00295A
__ptext15                      text15       002120
__ptext16                      text16       00293A
__ptext17                      text17       000BFC
__ptext18                      text18       002508
__ptext19                      text19       002978
__ptext2                       text2        000012
__ptext20                      text20       00287E
__ptext21                      text21       00164E
__ptext22                      text22       001BF0
__ptext23                      text23       0018EC
__ptext24                      text24       0027A2
__ptext25                      text25       0026E0
__ptext26                      text26       000976
__ptext27                      text27       0014F0
__ptext28                      text28       001FC8
__ptext29                      text29       0028D2
__ptext3                       text3        001CC6
__ptext30                      text30       00179E
__ptext31                      text31       0021C8
__ptext32                      text32       002722
__ptext33                      text33       002816
__ptext34                      text34       001F18
__ptext35                      text35       001D94
__ptext36                      text36       001E58
__ptext37                      text37       002076
__ptext38                      text38       002A3E
__ptext39                      text39       00225E
__ptext4                       text4        001A0A
__ptext40                      text40       0028A8
__ptext41                      text41       002A18
__ptext42                      text42       002A00
__ptext43                      text43       002A20
__ptext44                      text44       002A38
__ptext45                      text45       0023CA
__ptext46                      text46       00040A
__ptext47                      text47       002762
__ptext48                      text48       002A0C
__ptext49                      text49       002A28
__ptext5                       text5        002654
__ptext50                      text50       002A30
__ptext51                      text51       0029E0
__ptext52                      text52       0025B8
__ptext53                      text53       002606
__ptext54                      text54       00284A
__ptext55                      text55       002566
__ptext56                      text56       002438
__ptext57                      text57       0027DC
__ptext58                      text58       0022E4
__ptext6                       text6        000E5A
__ptext60                      text60       0024A4
__ptext7                       text7        0010AE
__ptext8                       text8        0028F8
__ptext9                       text9        00291A
__ramtop                       ramtop       000600
__smallconst                   smallconst   000000
_abs                           text33       002816
_addtoarray                    text55       002566
_addtoarray2                   text54       00284A
_attempt                       dataBANK0    0000FD
_back_f                        bssBANK0     00008C
_block_time                    bssBANK0     000083
_byte                          bssCOMRAM    000055
_calender_reg                  bssBANK0     00006C
_change_pass                   text46       00040A
_check_newpassword             text53       002606
_check_password                text52       0025B8
_clcd_print                    text56       002438
_clcd_write                    text57       0027DC
_clear_log                     text45       0023CA
_clock_reg                     bssBANK0     000078
_ctoa                          text36       001E58
_dashboard                     text21       00164E
_dashboard$193                 cstackBANK0  0000D7
_dashboard$194                 cstackBANK0  0000D9
_dashboard$195                 cstackBANK0  0000DB
_dashboard$196                 cstackBANK0  0000DD
_dbuf                          bssBANK1     000100
_download_log                  text17       000BFC
_download_log$1800             cstackBANK0  0000E6
_download_log$253              cstackBANK0  0000E8
_dtoa                          text30       00179E
_dtoa$1492                     cstackCOMRAM 00001F
_e                             bssBANK0     00008D
_field                         bssCOMRAM    000054
_flag                          bssCOMRAM    000059
_flags                         bssBANK0     000085
_fputc                         text37       002076
_fputs                         text32       002722
_full_f                        bssBANK0     00008E
_gear                          dataBANK1    000120
_get_time                      text39       00225E
_hr                            bssBANK0     000093
_hrr                           bssCOMRAM    000053
_i2c_idle                      text51       0029E0
_i2c_no_ack                    text44       002A38
_i2c_read                      text42       002A00
_i2c_rep_start                 text41       002A18
_i2c_rx_mode                   text43       002A20
_i2c_start                     text50       002A30
_i2c_stop                      text49       002A28
_i2c_write                     text48       002A0C
_ind                           bssCOMRAM    000057
_index                         bssBANK0     000094
_init_adc                      text16       00293A
_init_clcd                     text15       002120
_init_ds1307                   text13       00269A
_init_i2c                      text12       0029A6
_init_matrix_keypad            text11       0029CE
_init_timer0                   text10       002990
_init_uart                     text9        00291A
_inti_config                   text8        0028F8
_isr                           intcode      000008
_item_ind                      bssCOMRAM    000056
_line                          dataBANK0    0000FE
_main                          text0        0006E0
_main$368                      cstackBANK0  0000EA
_main$369                      cstackBANK0  0000EC
_main_f                        bssBANK0     00008B
_menu                          text7        0010AE
_menu$511                      cstackCOMRAM 00000C
_menu$512                      cstackCOMRAM 00000E
_menu_f                        bssBANK0     00008A
_menu_item                     dataBANK0    0000F1
_min                           bssBANK0     000092
_mnn                           bssCOMRAM    000052
_newpw                         bssBANK0     000060
_once                          bssBANK0     000086
_p                             bssBANK0     00008F
_pad                           text31       0021C8
_password                      text6        000E5A
_prec                          bssBANK0     00007D
_putch                         text38       002A3E
_pw                            bssBANK0     000068
_read_adc                      text5        002654
_read_ds1307                   text40       0028A8
_read_external_eeprom          text20       00287E
_read_prec_or_width            text28       001FC8
_read_switches                 text3        001CC6
_s                             bssCOMRAM    000058
_scan_key                      text4        001A0A
_scd                           bssCOMRAM    000051
_screen                        bssBANK0     000089
_sec                           bssBANK0     000091
_sec_delay                     bssBANK0     000070
_settime                       text2        000012
_settime$627                   cstackCOMRAM 000021
_settime$628                   cstackCOMRAM 000023
_settime$629                   cstackCOMRAM 000025
_settime$630                   cstackCOMRAM 000027
_speed                         bssBANK0     000090
_sprintf                       text24       0027A2
_stoa                          text27       0014F0
_store_event                   text22       001BF0
_store_event$1801              cstackBANK0  0000D4
_store_event$678               cstackBANK0  0000D0
_store_event$679               cstackBANK0  0000D2
_str                           bssBANK0     000095
_time                          bssBANK0     0000A6
_try                           bssBANK0     000064
_uart_putch                    text19       002978
_uart_puts                     text18       002508
_vfpfcnvrt                     text26       000976
_vfprintf                      text25       0026E0
_view_log                      text1        0012FC
_view_log$715                  cstackCOMRAM 00001E
_view_log$716                  cstackCOMRAM 000020
_wait                          bssBANK0     000074
_width                         bssBANK0     00007B
_write_10_bytes                text23       0018EC
_write_ds1307                  text14       00295A
_write_external_eeprom         text47       002762
abs@a                          cstackCOMRAM 00000C
addtoarray2@key                cstackCOMRAM 00000B
addtoarray@key                 cstackCOMRAM 00000B
btemp                          temp         00005A
change_pass@key                cstackCOMRAM 00000C
clcd_print@addr                cstackCOMRAM 00000A
clcd_print@data                cstackCOMRAM 000008
clcd_write@byte                cstackCOMRAM 000007
clcd_write@control_bit         cstackCOMRAM 000006
ctoa@c                         cstackCOMRAM 00000F
ctoa@fp                        cstackCOMRAM 00000E
ctoa@l                         cstackCOMRAM 000011
ctoa@w                         cstackCOMRAM 000013
dashboard@key                  cstackBANK0  0000D6
download_log@str               cstackBANK0  0000C8
dtoa@d                         cstackCOMRAM 00001D
dtoa@fp                        cstackCOMRAM 00001C
dtoa@i                         cstackCOMRAM 000025
dtoa@p                         cstackCOMRAM 000021
dtoa@s                         cstackCOMRAM 000024
dtoa@w                         cstackCOMRAM 000022
end_of_initialization          cinit        0023BC
fputc@c                        cstackCOMRAM 000006
fputc@fp                       cstackCOMRAM 000008
fputs@c                        cstackCOMRAM 000011
fputs@fp                       cstackCOMRAM 000010
fputs@i                        cstackCOMRAM 000012
fputs@s                        cstackCOMRAM 00000E
i2c_write@data                 cstackCOMRAM 000006
init_ds1307@dummy              cstackCOMRAM 000009
int$flags                      temp         00005A
int_func                       intcode_body 001B12
intlevel0                      text         000000
intlevel1                      text         000000
intlevel2                      text         000000
intlevel3                      text         000000
isa$std                        (abs)        000001
isa$xinst                      (abs)        000000
isr@count                      bssBANK0     00007F
main@adc_reg_val               cstackBANK0  0000EE
main@key                       cstackBANK0  0000F0
menu@key                       cstackCOMRAM 000010
pad@buf                        cstackCOMRAM 000015
pad@fp                         cstackCOMRAM 000014
pad@i                          cstackCOMRAM 00001A
pad@p                          cstackCOMRAM 000017
password@key                   cstackCOMRAM 000047
read_adc@channel               cstackCOMRAM 00000C
read_adc@reg_val               cstackCOMRAM 00000A
read_ds1307@address            cstackCOMRAM 000007
read_ds1307@data               cstackCOMRAM 000008
read_external_eeprom@address   cstackCOMRAM 000007
read_external_eeprom@data      cstackCOMRAM 000008
read_prec_or_width@ap          cstackCOMRAM 00000D
read_prec_or_width@c           cstackCOMRAM 00000E
read_prec_or_width@fmt         cstackCOMRAM 00000C
read_prec_or_width@n           cstackCOMRAM 00000F
read_switches@detection_type   cstackCOMRAM 000008
read_switches@key1             bssBANK0     000088
read_switches@long_press       bssBANK0     000081
read_switches@once             dataBANK0    0000FB
read_switches@pre_key1         bssBANK0     000087
settime@key                    cstackCOMRAM 000029
settime@str                    cstackCOMRAM 000010
sprintf@ap                     cstackCOMRAM 00003A
sprintf@f                      cstackCOMRAM 00003B
sprintf@fmt                    cstackBANK0  0000B0
sprintf@s                      cstackBANK0  0000AF
stackhi                        (abs)        000000
stacklo                        (abs)        000000
start                          init         00000E
start_initialization           cinit        002358
stoa@cp                        cstackCOMRAM 000017
stoa@fp                        cstackCOMRAM 00000E
stoa@l                         cstackCOMRAM 000019
stoa@p                         cstackCOMRAM 000013
stoa@s                         cstackCOMRAM 00000F
stoa@w                         cstackCOMRAM 000015
store_event@index              cstackBANK0  0000CE
store_event@speed              cstackBANK0  0000CF
store_event@time               cstackBANK0  0000CD
ttemp5                         temp         00005B
ttemp6                         temp         00005E
ttemp7                         temp         000062
uart_putch@byte                cstackCOMRAM 000006
uart_puts@s                    cstackCOMRAM 000007
vfpfcnvrt@ap                   cstackCOMRAM 000029
vfpfcnvrt@c                    cstackCOMRAM 000030
vfpfcnvrt@convarg              cstackCOMRAM 00002C
vfpfcnvrt@cp                   cstackCOMRAM 000032
vfpfcnvrt@done                 cstackCOMRAM 000031
vfpfcnvrt@fmt                  cstackCOMRAM 000028
vfpfcnvrt@fp                   cstackCOMRAM 000027
vfprintf@ap                    cstackCOMRAM 000037
vfprintf@cfmt                  cstackCOMRAM 000038
vfprintf@fmt                   cstackCOMRAM 000035
vfprintf@fp                    cstackCOMRAM 000034
view_log@key                   cstackCOMRAM 000022
view_log@logs                  cstackCOMRAM 00000D
write_10_bytes@index           cstackBANK0  0000CB
write_10_bytes@ptr             cstackBANK0  0000C8
write_10_bytes@speed           cstackBANK0  0000CC
write_10_bytes@time            cstackBANK0  0000CA
write_10_bytes@tm              cstackCOMRAM 000049
write_ds1307@address           cstackCOMRAM 000008
write_ds1307@data              cstackCOMRAM 000007
write_external_eeprom@address  cstackCOMRAM 000008
write_external_eeprom@data     cstackCOMRAM 000007
write_external_eeprom@wait     cstackCOMRAM 000009
wtemp8                         temp         00005B


MODULE INFORMATION

Module		Function		Class		Link	Load	Size
password.c
		_password      		CODE           	0E5A	0000	596
		_addtoarray    		CODE           	2566	0000	82
		_check_password		CODE           	25B8	0000	78

password.c estimated size: 756

download_log.c
		_download_log  		CODE           	0BFC	0000	606

download_log.c estimated size: 606

matrix_keypad.c
		_init_matrix_keypad		CODE           	29CE	0000	18
		_read_switches 		CODE           	1CC6	0000	206
		_scan_key      		CODE           	1A0A	0000	264

matrix_keypad.c estimated size: 488

C:\Program Files\Microchip\xc8\v2.46\pic\sources\c99\common\nf_fputc.c
		_fputc         		CODE           	2076	0000	170

C:\Program Files\Microchip\xc8\v2.46\pic\sources\c99\common\nf_fputc.c estimated size: 170

uart.c
		_init_uart     		CODE           	291A	0000	32
		_uart_puts     		CODE           	2508	0000	94
		_uart_putch    		CODE           	2978	0000	24

uart.c estimated size: 150

C:\Program Files\Microchip\xc8\v2.46\pic\sources\c99\common\lwdiv.c
		___lwdiv       		CODE           	22E4	0000	116

C:\Program Files\Microchip\xc8\v2.46\pic\sources\c99\common\lwdiv.c estimated size: 116

C:\Program Files\Microchip\xc8\v2.46\pic\sources\c99\common\awdiv.c
		___awdiv       		CODE           	1D94	0000	196

C:\Program Files\Microchip\xc8\v2.46\pic\sources\c99\common\awdiv.c estimated size: 196

store_event.c
		_write_10_bytes		CODE           	18EC	0000	286
		_store_event   		CODE           	1BF0	0000	214

store_event.c estimated size: 500

i2c.c
		_i2c_start     		CODE           	2A30	0000	8
		_i2c_no_ack    		CODE           	2A38	0000	6
		_i2c_rep_start 		CODE           	2A18	0000	8
		_i2c_idle      		CODE           	29E0	0000	18
		_i2c_write     		CODE           	2A0C	0000	12
		_i2c_stop      		CODE           	2A28	0000	8
		_i2c_read      		CODE           	2A00	0000	12
		_init_i2c      		CODE           	29A6	0000	22
		_i2c_rx_mode   		CODE           	2A20	0000	8

i2c.c estimated size: 102

dashboard.c
		_get_time      		CODE           	225E	0000	134
		_dashboard     		CODE           	164E	0000	336

dashboard.c estimated size: 470

timer0.c
		_init_timer0   		CODE           	2990	0000	22

timer0.c estimated size: 22

ds1307.c
		_read_ds1307   		CODE           	28A8	0000	42
		_write_ds1307  		CODE           	295A	0000	30
		_init_ds1307   		CODE           	269A	0000	70

ds1307.c estimated size: 142

adc.c
		_init_adc      		CODE           	293A	0000	32
		_read_adc      		CODE           	2654	0000	70

adc.c estimated size: 102

C:\Program Files\Microchip\xc8\v2.46\pic\sources\c99\common\doprnt.c
		_read_prec_or_width		CODE           	1FC8	0000	174
		_vfpfcnvrt     		CODE           	0976	0000	646
		_pad           		CODE           	21C8	0000	150
		_ctoa          		CODE           	1E58	0000	192
		_dtoa          		CODE           	179E	0000	334
		_vfprintf      		CODE           	26E0	0000	66
		_stoa          		CODE           	14F0	0000	350

C:\Program Files\Microchip\xc8\v2.46\pic\sources\c99\common\doprnt.c estimated size: 1912

C:\Program Files\Microchip\xc8\v2.46\pic\sources\c99\common\nf_sprintf.c
		_sprintf       		CODE           	27A2	0000	58

C:\Program Files\Microchip\xc8\v2.46\pic\sources\c99\common\nf_sprintf.c estimated size: 58

clear_log.c
		_clear_log     		CODE           	23CA	0000	110

clear_log.c estimated size: 110

isr.c
		_isr           		CODE           	0008	0000	228

isr.c estimated size: 228

change_password.c
		_check_newpassword		CODE           	2606	0000	78
		_addtoarray2   		CODE           	284A	0000	52
		_change_pass   		CODE           	040A	0000	726

change_password.c estimated size: 856

shared
		__initialization		CODE           	2358	0000	100

shared estimated size: 100

C:\Program Files\Microchip\xc8\v2.46\pic\sources\c99\common\putch.c
		_putch         		CODE           	2A3E	0000	2

C:\Program Files\Microchip\xc8\v2.46\pic\sources\c99\common\putch.c estimated size: 2

clcd.c
		_clcd_write    		CODE           	27DC	0000	58
		_clcd_print    		CODE           	2438	0000	108
		_init_clcd     		CODE           	2120	0000	168

clcd.c estimated size: 334

C:\Program Files\Microchip\xc8\v2.46\pic\sources\c99\common\Umul16.c
		___wmul        		CODE           	28D2	0000	38

C:\Program Files\Microchip\xc8\v2.46\pic\sources\c99\common\Umul16.c estimated size: 38

C:\Program Files\Microchip\xc8\v2.46\pic\sources\c99\common\nf_fputs.c
		_fputs         		CODE           	2722	0000	64

C:\Program Files\Microchip\xc8\v2.46\pic\sources\c99\common\nf_fputs.c estimated size: 64

menu.c
		_menu          		CODE           	10AE	0000	590

menu.c estimated size: 590

set_time.c
		_settime       		CODE           	0012	0000	1016

set_time.c estimated size: 1016

C:\Program Files\Microchip\xc8\v2.46\pic\sources\c99\common\lwmod.c
		___lwmod       		CODE           	24A4	0000	100

C:\Program Files\Microchip\xc8\v2.46\pic\sources\c99\common\lwmod.c estimated size: 100

C:\Program Files\Microchip\xc8\v2.46\pic\sources\c99\common\abs.c
		_abs           		CODE           	2816	0000	52

C:\Program Files\Microchip\xc8\v2.46\pic\sources\c99\common\abs.c estimated size: 52

C:\Program Files\Microchip\xc8\v2.46\pic\sources\c99\common\awmod.c
		___awmod       		CODE           	1F18	0000	176

C:\Program Files\Microchip\xc8\v2.46\pic\sources\c99\common\awmod.c estimated size: 176

main.c
		_main          		CODE           	06E0	0000	662
		_inti_config   		CODE           	28F8	0000	34

main.c estimated size: 696

view_log.c
		_view_log      		CODE           	12FC	0000	500

view_log.c estimated size: 500

extern_eeprom.c
		_write_external_eeprom		CODE           	2762	0000	64
		_read_external_eeprom		CODE           	287E	0000	42

extern_eeprom.c estimated size: 106

